ARM Linker, 4.1 [Build 713] [Evaluation]

==============================================================================

Section Cross References

    main.o(i.EXTI15_10_IRQHandler) refers to stm32f10x_exti.o(.text) for EXTI_GetITStatus
    main.o(i.EXTI15_10_IRQHandler) refers to main.o(.data) for .data
    main.o(i.EXTI15_10_IRQHandler) refers to main.o(.bss) for .bss
    main.o(i.TIM_Configuration) refers to stm32f10x_tim.o(.text) for TIM_DeInit
    main.o(i.main) refers to stm32f10x_rcc.o(.text) for RCC_APB2PeriphClockCmd
    main.o(i.main) refers to stm32f10x_gpio.o(.text) for GPIO_Init
    main.o(i.main) refers to stm32f10x_exti.o(.text) for EXTI_Init
    main.o(i.main) refers to misc.o(.text) for NVIC_PriorityGroupConfig
    main.o(i.main) refers to main.o(i.Delay) for Delay
    main.o(i.main) refers to main.o(i.delay) for delay
    main.o(i.main) refers to main.o(.bss) for .bss
    main.o(i.main) refers to main.o(.data) for .data
    system_stm32f10x.o(i.SetSysClock) refers to system_stm32f10x.o(i.SetSysClockTo72) for SetSysClockTo72
    system_stm32f10x.o(i.SystemCoreClockUpdate) refers to system_stm32f10x.o(.data) for .data
    system_stm32f10x.o(i.SystemInit) refers to system_stm32f10x.o(i.SetSysClock) for SetSysClock
    startup_stm32f10x_hd.o(RESET) refers to startup_stm32f10x_hd.o(STACK) for __initial_sp
    startup_stm32f10x_hd.o(RESET) refers to startup_stm32f10x_hd.o(.text) for Reset_Handler
    startup_stm32f10x_hd.o(RESET) refers to stm32f10x_it.o(i.NMI_Handler) for NMI_Handler
    startup_stm32f10x_hd.o(RESET) refers to stm32f10x_it.o(i.HardFault_Handler) for HardFault_Handler
    startup_stm32f10x_hd.o(RESET) refers to stm32f10x_it.o(i.MemManage_Handler) for MemManage_Handler
    startup_stm32f10x_hd.o(RESET) refers to stm32f10x_it.o(i.BusFault_Handler) for BusFault_Handler
    startup_stm32f10x_hd.o(RESET) refers to stm32f10x_it.o(i.UsageFault_Handler) for UsageFault_Handler
    startup_stm32f10x_hd.o(RESET) refers to stm32f10x_it.o(i.SVC_Handler) for SVC_Handler
    startup_stm32f10x_hd.o(RESET) refers to stm32f10x_it.o(i.DebugMon_Handler) for DebugMon_Handler
    startup_stm32f10x_hd.o(RESET) refers to stm32f10x_it.o(i.PendSV_Handler) for PendSV_Handler
    startup_stm32f10x_hd.o(RESET) refers to stm32f10x_it.o(i.SysTick_Handler) for SysTick_Handler
    startup_stm32f10x_hd.o(RESET) refers to main.o(i.EXTI15_10_IRQHandler) for EXTI15_10_IRQHandler
    startup_stm32f10x_hd.o(.text) refers to system_stm32f10x.o(i.SystemInit) for SystemInit
    startup_stm32f10x_hd.o(.text) refers to entry.o(.ARM.Collect$$$$00000000) for __main
    stm32f10x_gpio.o(.text) refers to stm32f10x_rcc.o(.text) for RCC_APB2PeriphResetCmd
    stm32f10x_rcc.o(.text) refers to stm32f10x_rcc.o(.data) for APBAHBPrescTable
    stm32f10x_tim.o(.text) refers to stm32f10x_rcc.o(.text) for RCC_APB2PeriphResetCmd
    entry.o(.ARM.Collect$$$$00000000) refers (Special) to entry7.o(.ARM.Collect$$$$00000007) for _main_init
    entry.o(.ARM.Collect$$$$00000000) refers (Special) to entry5.o(.ARM.Collect$$$$00000004) for _main_scatterload
    entry.o(.ARM.Collect$$$$00000000) refers (Special) to entry2.o(.ARM.Collect$$$$00000001) for _main_stk
    entry2.o(.ARM.Collect$$$$00000001) refers to entry2.o(.ARM.Collect$$$$00002712) for __lit__00000000
    entry2.o(.ARM.Collect$$$$00002712) refers to startup_stm32f10x_hd.o(STACK) for __initial_sp
    entry2.o(__vectab_stack_and_reset_area) refers to startup_stm32f10x_hd.o(STACK) for __initial_sp
    entry2.o(__vectab_stack_and_reset_area) refers to entry.o(.ARM.Collect$$$$00000000) for __main
    entry5.o(.ARM.Collect$$$$00000004) refers to init.o(.text) for __scatterload
    entry7.o(.ARM.Collect$$$$00000007) refers to main.o(i.main) for main
    init.o(.text) refers to entry5.o(.ARM.Collect$$$$00000004) for __main_after_scatterload


==============================================================================

Removing Unused input sections from the image.

    Removing main.o(i.TIM_Configuration), (104 bytes).
    Removing system_stm32f10x.o(i.SystemCoreClockUpdate), (132 bytes).
    Removing system_stm32f10x.o(.data), (20 bytes).
    Removing startup_stm32f10x_hd.o(HEAP), (512 bytes).
    Removing stm32f10x_tim.o(.text), (4048 bytes).

5 unused section(s) (total 4816 bytes) removed from the image.

==============================================================================

Image Symbol Table

    Local Symbols

    Symbol Name                              Value     Ov Type        Size  Object(Section)

    ../../microlib/init/entry.s              0x00000000   Number         0  entry5.o ABSOLUTE
    ../../microlib/init/entry.s              0x00000000   Number         0  entry2.o ABSOLUTE
    ../../microlib/init/entry.s              0x00000000   Number         0  entry7.o ABSOLUTE
    ../../microlib/init/entry.s              0x00000000   Number         0  entry.o ABSOLUTE
    ..\[StdPeriphLib350]\StdPeriph_Driver\src\misc.c 0x00000000   Number         0  misc.o ABSOLUTE
    ..\[StdPeriphLib350]\StdPeriph_Driver\src\stm32f10x_exti.c 0x00000000   Number         0  stm32f10x_exti.o ABSOLUTE
    ..\[StdPeriphLib350]\StdPeriph_Driver\src\stm32f10x_gpio.c 0x00000000   Number         0  stm32f10x_gpio.o ABSOLUTE
    ..\[StdPeriphLib350]\StdPeriph_Driver\src\stm32f10x_rcc.c 0x00000000   Number         0  stm32f10x_rcc.o ABSOLUTE
    ..\[StdPeriphLib350]\StdPeriph_Driver\src\stm32f10x_tim.c 0x00000000   Number         0  stm32f10x_tim.o ABSOLUTE
    MDK-ARM\startup_stm32f10x_hd.s           0x00000000   Number         0  startup_stm32f10x_hd.o ABSOLUTE
    dc.s                                     0x00000000   Number         0  dc.o ABSOLUTE
    handlers.s                               0x00000000   Number         0  handlers.o ABSOLUTE
    init.s                                   0x00000000   Number         0  init.o ABSOLUTE
    src\main.c                               0x00000000   Number         0  main.o ABSOLUTE
    src\stm32f10x_it.c                       0x00000000   Number         0  stm32f10x_it.o ABSOLUTE
    src\system_stm32f10x.c                   0x00000000   Number         0  system_stm32f10x.o ABSOLUTE
    RESET                                    0x08000000   Section      304  startup_stm32f10x_hd.o(RESET)
    .ARM.Collect$$$$00000000                 0x08000130   Section        0  entry.o(.ARM.Collect$$$$00000000)
    .ARM.Collect$$$$00000001                 0x08000130   Section        4  entry2.o(.ARM.Collect$$$$00000001)
    .ARM.Collect$$$$00000004                 0x08000134   Section        4  entry5.o(.ARM.Collect$$$$00000004)
    .ARM.Collect$$$$00000007                 0x08000138   Section        8  entry7.o(.ARM.Collect$$$$00000007)
    .ARM.Collect$$$$00002712                 0x08000140   Section        4  entry2.o(.ARM.Collect$$$$00002712)
    __lit__00000000                          0x08000140   Data           4  entry2.o(.ARM.Collect$$$$00002712)
    .text                                    0x08000144   Section       36  startup_stm32f10x_hd.o(.text)
    .text                                    0x08000168   Section        0  misc.o(.text)
    .text                                    0x08000268   Section        0  stm32f10x_exti.o(.text)
    .text                                    0x080003b0   Section        0  stm32f10x_gpio.o(.text)
    .text                                    0x0800075c   Section        0  stm32f10x_rcc.o(.text)
    .text                                    0x08000b70   Section       36  init.o(.text)
    i.BusFault_Handler                       0x08000b94   Section        0  stm32f10x_it.o(i.BusFault_Handler)
    i.DebugMon_Handler                       0x08000b96   Section        0  stm32f10x_it.o(i.DebugMon_Handler)
    i.Delay                                  0x08000b98   Section        0  main.o(i.Delay)
    i.EXTI15_10_IRQHandler                   0x08000ba4   Section        0  main.o(i.EXTI15_10_IRQHandler)
    i.HardFault_Handler                      0x08000bf0   Section        0  stm32f10x_it.o(i.HardFault_Handler)
    i.MemManage_Handler                      0x08000bf2   Section        0  stm32f10x_it.o(i.MemManage_Handler)
    i.NMI_Handler                            0x08000bf4   Section        0  stm32f10x_it.o(i.NMI_Handler)
    i.PendSV_Handler                         0x08000bf6   Section        0  stm32f10x_it.o(i.PendSV_Handler)
    i.SVC_Handler                            0x08000bf8   Section        0  stm32f10x_it.o(i.SVC_Handler)
    i.SetSysClock                            0x08000bfa   Section        0  system_stm32f10x.o(i.SetSysClock)
    SetSysClock                              0x08000bfb   Thumb Code     4  system_stm32f10x.o(i.SetSysClock)
    i.SetSysClockTo72                        0x08000c00   Section        0  system_stm32f10x.o(i.SetSysClockTo72)
    SetSysClockTo72                          0x08000c01   Thumb Code   154  system_stm32f10x.o(i.SetSysClockTo72)
    i.SysTick_Handler                        0x08000ca4   Section        0  stm32f10x_it.o(i.SysTick_Handler)
    i.SystemInit                             0x08000ca8   Section        0  system_stm32f10x.o(i.SystemInit)
    i.UsageFault_Handler                     0x08000cfc   Section        0  stm32f10x_it.o(i.UsageFault_Handler)
    i.__scatterload_copy                     0x08000cfe   Section       14  handlers.o(i.__scatterload_copy)
    i.__scatterload_null                     0x08000d0c   Section        2  handlers.o(i.__scatterload_null)
    i.__scatterload_zeroinit                 0x08000d0e   Section       14  handlers.o(i.__scatterload_zeroinit)
    i.delay                                  0x08000d1c   Section        0  main.o(i.delay)
    i.main                                   0x08000d28   Section        0  main.o(i.main)
    .data                                    0x20000000   Section        8  main.o(.data)
    .data                                    0x20000008   Section       20  stm32f10x_rcc.o(.data)
    APBAHBPrescTable                         0x20000008   Data          16  stm32f10x_rcc.o(.data)
    ADCPrescTable                            0x20000018   Data           4  stm32f10x_rcc.o(.data)
    .bss                                     0x2000001c   Section      520  main.o(.bss)
    STACK                                    0x20000228   Section     1024  startup_stm32f10x_hd.o(STACK)

    Global Symbols

    Symbol Name                              Value     Ov Type        Size  Object(Section)

    BuildAttributes$$THM_ISAv4$P$D$K$B$S$PE$A:L22UL41UL21$X:L11$S22US41US21$IEEE1$IW$USESV6$~STKCKD$USESV7$~SHL$OSPACE$EBA8$MICROLIB$REQ8$PRES8$EABIv2 0x00000000   Number         0  anon$$obj.o ABSOLUTE
    __ARM_use_no_argv                        0x00000000   Number         0  main.o ABSOLUTE
    __decompress                              - Undefined Weak Reference
    __Vectors_Size                           0x00000130   Number         0  startup_stm32f10x_hd.o ABSOLUTE
    __Vectors                                0x08000000   Data           4  startup_stm32f10x_hd.o(RESET)
    __Vectors_End                            0x08000130   Data           0  startup_stm32f10x_hd.o(RESET)
    __main                                   0x08000131   Thumb Code     0  entry.o(.ARM.Collect$$$$00000000)
    _main_stk                                0x08000131   Thumb Code     0  entry2.o(.ARM.Collect$$$$00000001)
    _main_scatterload                        0x08000135   Thumb Code     0  entry5.o(.ARM.Collect$$$$00000004)
    __main_after_scatterload                 0x08000139   Thumb Code     0  entry5.o(.ARM.Collect$$$$00000004)
    _main_init                               0x08000139   Thumb Code     0  entry7.o(.ARM.Collect$$$$00000007)
    Reset_Handler                            0x08000145   Thumb Code     8  startup_stm32f10x_hd.o(.text)
    ADC1_2_IRQHandler                        0x0800015f   Thumb Code     0  startup_stm32f10x_hd.o(.text)
    ADC3_IRQHandler                          0x0800015f   Thumb Code     0  startup_stm32f10x_hd.o(.text)
    CAN1_RX1_IRQHandler                      0x0800015f   Thumb Code     0  startup_stm32f10x_hd.o(.text)
    CAN1_SCE_IRQHandler                      0x0800015f   Thumb Code     0  startup_stm32f10x_hd.o(.text)
    DMA1_Channel1_IRQHandler                 0x0800015f   Thumb Code     0  startup_stm32f10x_hd.o(.text)
    DMA1_Channel2_IRQHandler                 0x0800015f   Thumb Code     0  startup_stm32f10x_hd.o(.text)
    DMA1_Channel3_IRQHandler                 0x0800015f   Thumb Code     0  startup_stm32f10x_hd.o(.text)
    DMA1_Channel4_IRQHandler                 0x0800015f   Thumb Code     0  startup_stm32f10x_hd.o(.text)
    DMA1_Channel5_IRQHandler                 0x0800015f   Thumb Code     0  startup_stm32f10x_hd.o(.text)
    DMA1_Channel6_IRQHandler                 0x0800015f   Thumb Code     0  startup_stm32f10x_hd.o(.text)
    DMA1_Channel7_IRQHandler                 0x0800015f   Thumb Code     0  startup_stm32f10x_hd.o(.text)
    DMA2_Channel1_IRQHandler                 0x0800015f   Thumb Code     0  startup_stm32f10x_hd.o(.text)
    DMA2_Channel2_IRQHandler                 0x0800015f   Thumb Code     0  startup_stm32f10x_hd.o(.text)
    DMA2_Channel3_IRQHandler                 0x0800015f   Thumb Code     0  startup_stm32f10x_hd.o(.text)
    DMA2_Channel4_5_IRQHandler               0x0800015f   Thumb Code     0  startup_stm32f10x_hd.o(.text)
    EXTI0_IRQHandler                         0x0800015f   Thumb Code     0  startup_stm32f10x_hd.o(.text)
    EXTI1_IRQHandler                         0x0800015f   Thumb Code     0  startup_stm32f10x_hd.o(.text)
    EXTI2_IRQHandler                         0x0800015f   Thumb Code     0  startup_stm32f10x_hd.o(.text)
    EXTI3_IRQHandler                         0x0800015f   Thumb Code     0  startup_stm32f10x_hd.o(.text)
    EXTI4_IRQHandler                         0x0800015f   Thumb Code     0  startup_stm32f10x_hd.o(.text)
    EXTI9_5_IRQHandler                       0x0800015f   Thumb Code     0  startup_stm32f10x_hd.o(.text)
    FLASH_IRQHandler                         0x0800015f   Thumb Code     0  startup_stm32f10x_hd.o(.text)
    FSMC_IRQHandler                          0x0800015f   Thumb Code     0  startup_stm32f10x_hd.o(.text)
    I2C1_ER_IRQHandler                       0x0800015f   Thumb Code     0  startup_stm32f10x_hd.o(.text)
    I2C1_EV_IRQHandler                       0x0800015f   Thumb Code     0  startup_stm32f10x_hd.o(.text)
    I2C2_ER_IRQHandler                       0x0800015f   Thumb Code     0  startup_stm32f10x_hd.o(.text)
    I2C2_EV_IRQHandler                       0x0800015f   Thumb Code     0  startup_stm32f10x_hd.o(.text)
    PVD_IRQHandler                           0x0800015f   Thumb Code     0  startup_stm32f10x_hd.o(.text)
    RCC_IRQHandler                           0x0800015f   Thumb Code     0  startup_stm32f10x_hd.o(.text)
    RTCAlarm_IRQHandler                      0x0800015f   Thumb Code     0  startup_stm32f10x_hd.o(.text)
    RTC_IRQHandler                           0x0800015f   Thumb Code     0  startup_stm32f10x_hd.o(.text)
    SDIO_IRQHandler                          0x0800015f   Thumb Code     0  startup_stm32f10x_hd.o(.text)
    SPI1_IRQHandler                          0x0800015f   Thumb Code     0  startup_stm32f10x_hd.o(.text)
    SPI2_IRQHandler                          0x0800015f   Thumb Code     0  startup_stm32f10x_hd.o(.text)
    SPI3_IRQHandler                          0x0800015f   Thumb Code     0  startup_stm32f10x_hd.o(.text)
    TAMPER_IRQHandler                        0x0800015f   Thumb Code     0  startup_stm32f10x_hd.o(.text)
    TIM1_BRK_IRQHandler                      0x0800015f   Thumb Code     0  startup_stm32f10x_hd.o(.text)
    TIM1_CC_IRQHandler                       0x0800015f   Thumb Code     0  startup_stm32f10x_hd.o(.text)
    TIM1_TRG_COM_IRQHandler                  0x0800015f   Thumb Code     0  startup_stm32f10x_hd.o(.text)
    TIM1_UP_IRQHandler                       0x0800015f   Thumb Code     0  startup_stm32f10x_hd.o(.text)
    TIM2_IRQHandler                          0x0800015f   Thumb Code     0  startup_stm32f10x_hd.o(.text)
    TIM3_IRQHandler                          0x0800015f   Thumb Code     0  startup_stm32f10x_hd.o(.text)
    TIM4_IRQHandler                          0x0800015f   Thumb Code     0  startup_stm32f10x_hd.o(.text)
    TIM5_IRQHandler                          0x0800015f   Thumb Code     0  startup_stm32f10x_hd.o(.text)
    TIM6_IRQHandler                          0x0800015f   Thumb Code     0  startup_stm32f10x_hd.o(.text)
    TIM7_IRQHandler                          0x0800015f   Thumb Code     0  startup_stm32f10x_hd.o(.text)
    TIM8_BRK_IRQHandler                      0x0800015f   Thumb Code     0  startup_stm32f10x_hd.o(.text)
    TIM8_CC_IRQHandler                       0x0800015f   Thumb Code     0  startup_stm32f10x_hd.o(.text)
    TIM8_TRG_COM_IRQHandler                  0x0800015f   Thumb Code     0  startup_stm32f10x_hd.o(.text)
    TIM8_UP_IRQHandler                       0x0800015f   Thumb Code     0  startup_stm32f10x_hd.o(.text)
    UART4_IRQHandler                         0x0800015f   Thumb Code     0  startup_stm32f10x_hd.o(.text)
    UART5_IRQHandler                         0x0800015f   Thumb Code     0  startup_stm32f10x_hd.o(.text)
    USART1_IRQHandler                        0x0800015f   Thumb Code     0  startup_stm32f10x_hd.o(.text)
    USART2_IRQHandler                        0x0800015f   Thumb Code     0  startup_stm32f10x_hd.o(.text)
    USART3_IRQHandler                        0x0800015f   Thumb Code     0  startup_stm32f10x_hd.o(.text)
    USBWakeUp_IRQHandler                     0x0800015f   Thumb Code     0  startup_stm32f10x_hd.o(.text)
    USB_HP_CAN1_TX_IRQHandler                0x0800015f   Thumb Code     0  startup_stm32f10x_hd.o(.text)
    USB_LP_CAN1_RX0_IRQHandler               0x0800015f   Thumb Code     0  startup_stm32f10x_hd.o(.text)
    WWDG_IRQHandler                          0x0800015f   Thumb Code     0  startup_stm32f10x_hd.o(.text)
    NVIC_PriorityGroupConfig                 0x08000169   Thumb Code    12  misc.o(.text)
    NVIC_Init                                0x08000175   Thumb Code   128  misc.o(.text)
    NVIC_SetVectorTable                      0x080001f5   Thumb Code    16  misc.o(.text)
    NVIC_SystemLPConfig                      0x08000205   Thumb Code    30  misc.o(.text)
    SysTick_CLKSourceConfig                  0x08000223   Thumb Code    40  misc.o(.text)
    EXTI_DeInit                              0x08000269   Thumb Code    34  stm32f10x_exti.o(.text)
    EXTI_Init                                0x0800028b   Thumb Code   158  stm32f10x_exti.o(.text)
    EXTI_StructInit                          0x08000329   Thumb Code    22  stm32f10x_exti.o(.text)
    EXTI_GenerateSWInterrupt                 0x0800033f   Thumb Code    14  stm32f10x_exti.o(.text)
    EXTI_GetFlagStatus                       0x0800034d   Thumb Code    26  stm32f10x_exti.o(.text)
    EXTI_ClearFlag                           0x08000367   Thumb Code     6  stm32f10x_exti.o(.text)
    EXTI_GetITStatus                         0x0800036d   Thumb Code    38  stm32f10x_exti.o(.text)
    EXTI_ClearITPendingBit                   0x08000393   Thumb Code     6  stm32f10x_exti.o(.text)
    GPIO_DeInit                              0x080003b1   Thumb Code   172  stm32f10x_gpio.o(.text)
    GPIO_AFIODeInit                          0x0800045d   Thumb Code    20  stm32f10x_gpio.o(.text)
    GPIO_Init                                0x08000471   Thumb Code   292  stm32f10x_gpio.o(.text)
    GPIO_StructInit                          0x08000595   Thumb Code    20  stm32f10x_gpio.o(.text)
    GPIO_ReadInputDataBit                    0x080005a9   Thumb Code    24  stm32f10x_gpio.o(.text)
    GPIO_ReadInputData                       0x080005c1   Thumb Code     8  stm32f10x_gpio.o(.text)
    GPIO_ReadOutputDataBit                   0x080005c9   Thumb Code    24  stm32f10x_gpio.o(.text)
    GPIO_ReadOutputData                      0x080005e1   Thumb Code     8  stm32f10x_gpio.o(.text)
    GPIO_SetBits                             0x080005e9   Thumb Code     4  stm32f10x_gpio.o(.text)
    GPIO_ResetBits                           0x080005ed   Thumb Code     4  stm32f10x_gpio.o(.text)
    GPIO_WriteBit                            0x080005f1   Thumb Code    10  stm32f10x_gpio.o(.text)
    GPIO_Write                               0x080005fb   Thumb Code     4  stm32f10x_gpio.o(.text)
    GPIO_PinLockConfig                       0x080005ff   Thumb Code    20  stm32f10x_gpio.o(.text)
    GPIO_EventOutputConfig                   0x08000613   Thumb Code    32  stm32f10x_gpio.o(.text)
    GPIO_EventOutputCmd                      0x08000633   Thumb Code     6  stm32f10x_gpio.o(.text)
    GPIO_PinRemapConfig                      0x08000639   Thumb Code   156  stm32f10x_gpio.o(.text)
    GPIO_EXTILineConfig                      0x080006d5   Thumb Code    84  stm32f10x_gpio.o(.text)
    GPIO_ETH_MediaInterfaceConfig            0x08000729   Thumb Code     6  stm32f10x_gpio.o(.text)
    RCC_DeInit                               0x0800075d   Thumb Code    68  stm32f10x_rcc.o(.text)
    RCC_HSEConfig                            0x080007a1   Thumb Code    70  stm32f10x_rcc.o(.text)
    RCC_GetFlagStatus                        0x080007e7   Thumb Code    68  stm32f10x_rcc.o(.text)
    RCC_WaitForHSEStartUp                    0x0800082b   Thumb Code    56  stm32f10x_rcc.o(.text)
    RCC_AdjustHSICalibrationValue            0x08000863   Thumb Code    22  stm32f10x_rcc.o(.text)
    RCC_HSICmd                               0x08000879   Thumb Code     6  stm32f10x_rcc.o(.text)
    RCC_PLLConfig                            0x0800087f   Thumb Code    28  stm32f10x_rcc.o(.text)
    RCC_PLLCmd                               0x0800089b   Thumb Code     6  stm32f10x_rcc.o(.text)
    RCC_SYSCLKConfig                         0x080008a1   Thumb Code    22  stm32f10x_rcc.o(.text)
    RCC_GetSYSCLKSource                      0x080008b7   Thumb Code    10  stm32f10x_rcc.o(.text)
    RCC_HCLKConfig                           0x080008c1   Thumb Code    22  stm32f10x_rcc.o(.text)
    RCC_PCLK1Config                          0x080008d7   Thumb Code    22  stm32f10x_rcc.o(.text)
    RCC_PCLK2Config                          0x080008ed   Thumb Code    22  stm32f10x_rcc.o(.text)
    RCC_ITConfig                             0x08000903   Thumb Code    36  stm32f10x_rcc.o(.text)
    RCC_USBCLKConfig                         0x08000927   Thumb Code     6  stm32f10x_rcc.o(.text)
    RCC_ADCCLKConfig                         0x0800092d   Thumb Code    22  stm32f10x_rcc.o(.text)
    RCC_LSEConfig                            0x08000943   Thumb Code    50  stm32f10x_rcc.o(.text)
    RCC_LSICmd                               0x08000975   Thumb Code     6  stm32f10x_rcc.o(.text)
    RCC_RTCCLKConfig                         0x0800097b   Thumb Code    14  stm32f10x_rcc.o(.text)
    RCC_RTCCLKCmd                            0x08000989   Thumb Code     6  stm32f10x_rcc.o(.text)
    RCC_GetClocksFreq                        0x0800098f   Thumb Code   216  stm32f10x_rcc.o(.text)
    RCC_AHBPeriphClockCmd                    0x08000a67   Thumb Code    30  stm32f10x_rcc.o(.text)
    RCC_APB2PeriphClockCmd                   0x08000a85   Thumb Code    30  stm32f10x_rcc.o(.text)
    RCC_APB1PeriphClockCmd                   0x08000aa3   Thumb Code    30  stm32f10x_rcc.o(.text)
    RCC_APB2PeriphResetCmd                   0x08000ac1   Thumb Code    30  stm32f10x_rcc.o(.text)
    RCC_APB1PeriphResetCmd                   0x08000adf   Thumb Code    30  stm32f10x_rcc.o(.text)
    RCC_BackupResetCmd                       0x08000afd   Thumb Code     6  stm32f10x_rcc.o(.text)
    RCC_ClockSecuritySystemCmd               0x08000b03   Thumb Code     6  stm32f10x_rcc.o(.text)
    RCC_MCOConfig                            0x08000b09   Thumb Code     6  stm32f10x_rcc.o(.text)
    RCC_ClearFlag                            0x08000b0f   Thumb Code    14  stm32f10x_rcc.o(.text)
    RCC_GetITStatus                          0x08000b1d   Thumb Code    26  stm32f10x_rcc.o(.text)
    RCC_ClearITPendingBit                    0x08000b37   Thumb Code    58  stm32f10x_rcc.o(.text)
    __scatterload                            0x08000b71   Thumb Code    28  init.o(.text)
    __scatterload_rt2                        0x08000b71   Thumb Code     0  init.o(.text)
    BusFault_Handler                         0x08000b95   Thumb Code     2  stm32f10x_it.o(i.BusFault_Handler)
    DebugMon_Handler                         0x08000b97   Thumb Code     2  stm32f10x_it.o(i.DebugMon_Handler)
    Delay                                    0x08000b99   Thumb Code    10  main.o(i.Delay)
    EXTI15_10_IRQHandler                     0x08000ba5   Thumb Code    68  main.o(i.EXTI15_10_IRQHandler)
    HardFault_Handler                        0x08000bf1   Thumb Code     2  stm32f10x_it.o(i.HardFault_Handler)
    MemManage_Handler                        0x08000bf3   Thumb Code     2  stm32f10x_it.o(i.MemManage_Handler)
    NMI_Handler                              0x08000bf5   Thumb Code     2  stm32f10x_it.o(i.NMI_Handler)
    PendSV_Handler                           0x08000bf7   Thumb Code     2  stm32f10x_it.o(i.PendSV_Handler)
    SVC_Handler                              0x08000bf9   Thumb Code     2  stm32f10x_it.o(i.SVC_Handler)
    SysTick_Handler                          0x08000ca5   Thumb Code     2  stm32f10x_it.o(i.SysTick_Handler)
    SystemInit                               0x08000ca9   Thumb Code    68  system_stm32f10x.o(i.SystemInit)
    UsageFault_Handler                       0x08000cfd   Thumb Code     2  stm32f10x_it.o(i.UsageFault_Handler)
    __scatterload_copy                       0x08000cff   Thumb Code    14  handlers.o(i.__scatterload_copy)
    __scatterload_null                       0x08000d0d   Thumb Code     2  handlers.o(i.__scatterload_null)
    __scatterload_zeroinit                   0x08000d0f   Thumb Code    14  handlers.o(i.__scatterload_zeroinit)
    delay                                    0x08000d1d   Thumb Code    10  main.o(i.delay)
    main                                     0x08000d29   Thumb Code   912  main.o(i.main)
    Region$$Table$$Base                      0x080010d4   Number         0  anon$$obj.o(Region$$Table)
    Region$$Table$$Limit                     0x080010f4   Number         0  anon$$obj.o(Region$$Table)
    P                                        0x20000000   Data           4  main.o(.data)
    j                                        0x20000004   Data           4  main.o(.data)
    A                                        0x2000001c   Data         260  main.o(.bss)
    B                                        0x20000120   Data         260  main.o(.bss)
    __initial_sp                             0x20000628   Data           0  startup_stm32f10x_hd.o(STACK)



==============================================================================

Memory Map of the image

  Image Entry point : 0x08000145

  Load Region LR_1 (Base: 0x08000000, Size: 0x00001110, Max: 0xffffffff, ABSOLUTE)

    Execution Region ER_RO (Base: 0x08000000, Size: 0x000010f4, Max: 0xffffffff, ABSOLUTE)

    Base Addr    Size         Type   Attr      Idx    E Section Name        Object

    0x08000000   0x00000130   Data   RO          228    RESET               startup_stm32f10x_hd.o
    0x08000130   0x00000000   Code   RO          382  * .ARM.Collect$$$$00000000  mc_w.l(entry.o)
    0x08000130   0x00000004   Code   RO          385    .ARM.Collect$$$$00000001  mc_w.l(entry2.o)
    0x08000134   0x00000004   Code   RO          388    .ARM.Collect$$$$00000004  mc_w.l(entry5.o)
    0x08000138   0x00000008   Code   RO          389    .ARM.Collect$$$$00000007  mc_w.l(entry7.o)
    0x08000140   0x00000004   Code   RO          386    .ARM.Collect$$$$00002712  mc_w.l(entry2.o)
    0x08000144   0x00000024   Code   RO          229  * .text               startup_stm32f10x_hd.o
    0x08000168   0x00000100   Code   RO          234    .text               STM32F10X_HD.lib(misc.o)
    0x08000268   0x00000148   Code   RO          332    .text               STM32F10X_HD.lib(stm32f10x_exti.o)
    0x080003b0   0x000003ac   Code   RO          344    .text               STM32F10X_HD.lib(stm32f10x_gpio.o)
    0x0800075c   0x00000414   Code   RO          356    .text               STM32F10X_HD.lib(stm32f10x_rcc.o)
    0x08000b70   0x00000024   Code   RO          390    .text               mc_w.l(init.o)
    0x08000b94   0x00000002   Code   RO          129    i.BusFault_Handler  stm32f10x_it.o
    0x08000b96   0x00000002   Code   RO          130    i.DebugMon_Handler  stm32f10x_it.o
    0x08000b98   0x0000000a   Code   RO            1    i.Delay             main.o
    0x08000ba2   0x00000002   PAD
    0x08000ba4   0x0000004c   Code   RO            2    i.EXTI15_10_IRQHandler  main.o
    0x08000bf0   0x00000002   Code   RO          131    i.HardFault_Handler  stm32f10x_it.o
    0x08000bf2   0x00000002   Code   RO          132    i.MemManage_Handler  stm32f10x_it.o
    0x08000bf4   0x00000002   Code   RO          133    i.NMI_Handler       stm32f10x_it.o
    0x08000bf6   0x00000002   Code   RO          134    i.PendSV_Handler    stm32f10x_it.o
    0x08000bf8   0x00000002   Code   RO          135    i.SVC_Handler       stm32f10x_it.o
    0x08000bfa   0x00000004   Code   RO          192    i.SetSysClock       system_stm32f10x.o
    0x08000bfe   0x00000002   PAD
    0x08000c00   0x000000a4   Code   RO          193    i.SetSysClockTo72   system_stm32f10x.o
    0x08000ca4   0x00000002   Code   RO          136    i.SysTick_Handler   stm32f10x_it.o
    0x08000ca6   0x00000002   PAD
    0x08000ca8   0x00000054   Code   RO          195    i.SystemInit        system_stm32f10x.o
    0x08000cfc   0x00000002   Code   RO          137    i.UsageFault_Handler  stm32f10x_it.o
    0x08000cfe   0x0000000e   Code   RO          394    i.__scatterload_copy  mc_w.l(handlers.o)
    0x08000d0c   0x00000002   Code   RO          395    i.__scatterload_null  mc_w.l(handlers.o)
    0x08000d0e   0x0000000e   Code   RO          396    i.__scatterload_zeroinit  mc_w.l(handlers.o)
    0x08000d1c   0x0000000a   Code   RO            4    i.delay             main.o
    0x08000d26   0x00000002   PAD
    0x08000d28   0x000003ac   Code   RO            5    i.main              main.o
    0x080010d4   0x00000020   Data   RO          392    Region$$Table       anon$$obj.o


    Execution Region ER_RW (Base: 0x20000000, Size: 0x0000001c, Max: 0xffffffff, ABSOLUTE)

    Base Addr    Size         Type   Attr      Idx    E Section Name        Object

    0x20000000   0x00000008   Data   RW            7    .data               main.o
    0x20000008   0x00000014   Data   RW          357    .data               STM32F10X_HD.lib(stm32f10x_rcc.o)


    Execution Region ER_ZI (Base: 0x2000001c, Size: 0x0000060c, Max: 0xffffffff, ABSOLUTE)

    Base Addr    Size         Type   Attr      Idx    E Section Name        Object

    0x2000001c   0x00000208   Zero   RW            6    .bss                main.o
    0x20000224   0x00000004   PAD
    0x20000228   0x00000400   Zero   RW          226    STACK               startup_stm32f10x_hd.o


==============================================================================

Image component sizes


      Code (inc. data)   RO Data    RW Data    ZI Data      Debug   Object Name

      1036         36          0          8        520     221932   main.o
        36          8        304          0       1024        756   startup_stm32f10x_hd.o
        18          0          0          0          0       3182   stm32f10x_it.o
       252         26          0          0          0       1573   system_stm32f10x.o

    ----------------------------------------------------------------------
      1350         70        336          8       1548     227443   Object Totals
         0          0         32          0          0          0   (incl. Generated)
         8          0          0          0          4          0   (incl. Padding)

    ----------------------------------------------------------------------

      Code (inc. data)   RO Data    RW Data    ZI Data      Debug   Library Member Name

       256         30          0          0          0     228497   misc.o
       328         24          0          0          0       2247   stm32f10x_exti.o
       940         46          0          0          0       5761   stm32f10x_gpio.o
      1044         52          0         20          0       8912   stm32f10x_rcc.o
         0          0          0          0          0          0   entry.o
         8          4          0          0          0          0   entry2.o
         4          0          0          0          0          0   entry5.o
         8          4          0          0          0          0   entry7.o
        30          0          0          0          0          0   handlers.o
        36          8          0          0          0         68   init.o

    ----------------------------------------------------------------------
      2654        168          0         20          0     245485   Library Totals
         0          0          0          0          0          0   (incl. Padding)

    ----------------------------------------------------------------------

      Code (inc. data)   RO Data    RW Data    ZI Data      Debug   Library Name

      2568        152          0         20          0     245417   STM32F10X_HD.lib
        86         16          0          0          0         68   mc_w.l

    ----------------------------------------------------------------------
      2654        168          0         20          0     245485   Library Totals

    ----------------------------------------------------------------------

==============================================================================


      Code (inc. data)   RO Data    RW Data    ZI Data      Debug   

      4004        238        336         28       1548     471680   Grand Totals
      4004        238        336         28       1548     471680   ELF Image Totals
      4004        238        336         28          0          0   ROM Totals

==============================================================================

    Total RO  Size (Code + RO Data)                 4340 (   4.24kB)
    Total RW  Size (RW Data + ZI Data)              1576 (   1.54kB)
    Total ROM Size (Code + RO Data + RW Data)       4368 (   4.27kB)

==============================================================================

